// Jest Snapshot v1, https://goo.gl/fbAQLP

exports[`Snapshot: 一覧要素が表示される 1`] = `
<div>
  <li>
    <h3>
      TypeScript を使ったテストの書き方
    </h3>
    <p>
      テストを書く時、TypeScript を使うことで、テストの保守性が向上します…
    </p>
    <a
      style="color: blue; cursor: pointer; text-decoration: underline;"
    >
      もっと見る
    </a>
  </li>
</div>
`;
